10-05 13:42:24.793  2301  2301 E ACRA    : ACRA caught a NullPointerException for org.schabi.newpipe.debug.fixandroidplaybackci
10-05 13:42:24.793  2301  2301 E ACRA    : java.lang.NullPointerException: Attempt to invoke virtual method 'long java.lang.Long.longValue()' on a null object reference
10-05 13:42:24.793  2301  2301 E ACRA    : 	at org.schabi.newpipe.local.holder.RemotePlaylistItemHolder.updateFromItem(RemotePlaylistItemHolder.java:38)
10-05 13:42:24.793  2301  2301 E ACRA    : 	at org.schabi.newpipe.local.holder.RemoteBookmarkPlaylistItemHolder.updateFromItem(RemoteBookmarkPlaylistItemHolder.java:40)
10-05 13:42:24.793  2301  2301 E ACRA    : 	at org.schabi.newpipe.local.LocalItemListAdapter.onBindViewHolder(LocalItemListAdapter.java:384)
10-05 13:42:24.793  2301  2301 E ACRA    : 	at org.schabi.newpipe.local.LocalItemListAdapter.onBindViewHolder(LocalItemListAdapter.java:407)
10-05 13:42:24.793  2301  2301 E ACRA    : 	at androidx.recyclerview.widget.RecyclerView$Adapter.bindViewHolder(RecyclerView.java:7953)
10-05 13:42:24.793  2301  2301 E ACRA    : 	at androidx.recyclerview.widget.RecyclerView$Recycler.tryBindViewHolderByDeadline(RecyclerView.java:6742)
10-05 13:42:24.793  2301  2301 E ACRA    : 	at androidx.recyclerview.widget.RecyclerView$Recycler.tryGetViewHolderForPositionByDeadline(RecyclerView.java:7013)
10-05 13:42:24.793  2301  2301 E ACRA    : 	at androidx.recyclerview.widget.RecyclerView$Recycler.getViewForPosition(RecyclerView.java:6853)
10-05 13:42:24.793  2301  2301 E ACRA    : 	at androidx.recyclerview.widget.RecyclerView$Recycler.getViewForPosition(RecyclerView.java:6849)
10-05 13:42:24.793  2301  2301 E ACRA    : 	at androidx.recyclerview.widget.LinearLayoutManager$LayoutState.next(LinearLayoutManager.java:2422)
10-05 13:42:24.793  2301  2301 E ACRA    : 	at androidx.recyclerview.widget.LinearLayoutManager.layoutChunk(LinearLayoutManager.java:1722)
10-05 13:42:24.793  2301  2301 E ACRA    : 	at androidx.recyclerview.widget.LinearLayoutManager.fill(LinearLayoutManager.java:1682)
10-05 13:42:24.793  2301  2301 E ACRA    : 	at androidx.recyclerview.widget.LinearLayoutManager.onLayoutChildren(LinearLayoutManager.java:747)
10-05 13:42:24.793  2301  2301 E ACRA    : 	at androidx.recyclerview.widget.RecyclerView.dispatchLayoutStep2(RecyclerView.java:4737)
10-05 13:42:24.793  2301  2301 E ACRA    : 	at androidx.recyclerview.widget.RecyclerView.dispatchLayout(RecyclerView.java:4459)
10-05 13:42:24.793  2301  2301 E ACRA    : 	at androidx.recyclerview.widget.RecyclerView.onLayout(RecyclerView.java:5011)
10-05 13:42:24.793  2301  2301 E ACRA    : 	at android.view.View.layout(View.java:25374)
10-05 13:42:24.793  2301  2301 E ACRA    : 	at android.view.ViewGroup.layout(ViewGroup.java:6421)
10-05 13:42:24.793  2301  2301 E ACRA    : 	at android.widget.RelativeLayout.onLayout(RelativeLayout.java:1103)
10-05 13:42:24.793  2301  2301 E ACRA    : 	at android.view.View.layout(View.java:25374)
10-05 13:42:24.793  2301  2301 E ACRA    : 	at android.view.ViewGroup.layout(ViewGroup.java:6421)
10-05 13:42:24.793  2301  2301 E ACRA    : 	at androidx.viewpager.widget.ViewPager.onLayout(ViewPager.java:1775)
10-05 13:42:24.793  2301  2301 E ACRA    : 	at android.view.View.layout(View.java:25374)
10-05 13:42:24.793  2301  2301 E ACRA    : 	at android.view.ViewGroup.layout(ViewGroup.java:6421)
10-05 13:42:24.793  2301  2301 E ACRA    : 	at android.widget.RelativeLayout.onLayout(RelativeLayout.java:1103)
10-05 13:42:24.793  2301  2301 E ACRA    : 	at android.view.View.layout(View.java:25374)
10-05 13:42:24.793  2301  2301 E ACRA    : 	at android.view.ViewGroup.layout(ViewGroup.java:6421)
10-05 13:42:24.793  2301  2301 E ACRA    : 	at android.widget.FrameLayout.layoutChildren(FrameLayout.java:332)
10-05 13:42:24.793  2301  2301 E ACRA    : 	at android.widget.FrameLayout.onLayout(FrameLayout.java:270)
10-05 13:42:24.793  2301  2301 E ACRA    : 	at android.view.View.layout(View.java:25374)
10-05 13:42:24.793  2301  2301 E ACRA    : 	at android.view.ViewGroup.layout(ViewGroup.java:6421)
10-05 13:42:24.793  2301  2301 E ACRA    : 	at androidx.coordinatorlayout.widget.CoordinatorLayout.layoutChild(CoordinatorLayout.java:1213)
10-05 13:42:24.793  2301  2301 E ACRA    : 	at androidx.coordinatorlayout.widget.CoordinatorLayout.onLayoutChild(CoordinatorLayout.java:899)
10-05 13:42:24.793  2301  2301 E ACRA    : 	at androidx.coordinatorlayout.widget.CoordinatorLayout.onLayout(CoordinatorLayout.java:919)
10-05 13:42:24.793  2301  2301 E ACRA    : 	at android.view.View.layout(View.java:25374)
10-05 13:42:24.793  2301  2301 E ACRA    : 	at android.view.ViewGroup.layout(ViewGroup.java:6421)
10-05 13:42:24.793  2301  2301 E ACRA    : 	at androidx.drawerlayout.widget.DrawerLayout.onLayout(DrawerLayout.java:1263)
10-05 13:42:24.793  2301  2301 E ACRA    : 	at android.view.View.layout(View.java:25374)
10-05 13:42:24.793  2301  2301 E ACRA    : 	at android.view.ViewGroup.layout(ViewGroup.java:6421)
10-05 13:42:24.793  2301  2301 E ACRA    : 	at android.widget.FrameLayout.layoutChildren(FrameLayout.java:332)
10-05 13:42:24.793  2301  2301 E ACRA    : 	at android.widget.FrameLayout.onLayout(FrameLayout.java:270)
10-05 13:42:24.793  2301  2301 E ACRA    : 	at android.view.View.layout(View.java:25374)
10-05 13:42:24.793  2301  2301 E ACRA    : 	at android.view.ViewGroup.layout(ViewGroup.java:6421)
10-05 13:42:24.793  2301  2301 E ACRA    : 	at android.widget.LinearLayout.setChildFrame(LinearLayout.java:1891)
10-05 13:42:24.793  2301  2301 E ACRA    : 	at android.widget.LinearLayout.layoutVertical(LinearLayout.java:1729)
10-05 13:42:24.793  2301  2301 E ACRA    : 	at android.widget.LinearLayout.onLayout(LinearLayout.java:1638)
10-05 13:42:24.793  2301  2301 E ACRA    : 	at android.view.View.layout(View.java:25374)
10-05 13:42:24.793  2301  2301 E ACRA    : 	at android.view.ViewGroup.layout(ViewGroup.java:6421)
10-05 13:42:24.793  2301  2301 E ACRA    : 	at android.widget.FrameLayout.layoutChildren(FrameLayout.java:332)
10-05 13:42:24.793  2301  2301 E ACRA    : 	at android.widget.FrameLayout.onLayout(FrameLayout.java:270)
10-05 13:42:24.793  2301  2301 E ACRA    : 	at android.view.View.layout(View.java:25374)
10-05 13:42:24.793  2301  2301 E ACRA    : 	at android.view.ViewGroup.layout(ViewGroup.java:6421)
10-05 13:42:24.794  2301  2301 E ACRA    : 	at android.widget.LinearLayout.setChildFrame(LinearLayout.java:1891)
10-05 13:42:24.794  2301  2301 E ACRA    : 	at android.widget.LinearLayout.layoutVertical(LinearLayout.java:1729)
10-05 13:42:24.794  2301  2301 E ACRA    : 	at android.widget.LinearLayout.onLayout(LinearLayout.java:1638)
10-05 13:42:24.794  2301  2301 E ACRA    : 	at android.view.View.layout(View.java:25374)
10-05 13:42:24.794  2301  2301 E ACRA    : 	at android.view.ViewGroup.layout(ViewGroup.java:6421)
10-05 13:42:24.794  2301  2301 E ACRA    : 	at android.widget.FrameLayout.layoutChildren(FrameLayout.java:332)
10-05 13:42:24.794  2301  2301 E ACRA    : 	at android.widget.FrameLayout.onLayout(FrameLayout.java:270)
10-05 13:42:24.794  2301  2301 E ACRA    : 	at com.android.internal.policy.DecorView.onLayout(DecorView.java:758)
10-05 13:42:24.794  2301  2301 E ACRA    : 	at android.view.View.layout(View.java:25374)
10-05 13:42:24.794  2301  2301 E ACRA    : 	at android.view.ViewGroup.layout(ViewGroup.java:6421)
10-05 13:42:24.794  2301  2301 E ACRA    : 	at android.view.ViewRootImpl.performLayout(ViewRootImpl.java:4899)
10-05 13:42:24.794  2301  2301 E ACRA    : 	at android.view.ViewRootImpl.performTraversals(ViewRootImpl.java:4040)
10-05 13:42:24.794  2301  2301 E ACRA    : 	at android.view.ViewRootImpl.doTraversal(ViewRootImpl.java:2917)
10-05 13:42:24.794  2301  2301 E ACRA    : 	at android.view.ViewRootImpl$TraversalRunnable.run(ViewRootImpl.java:10324)
10-05 13:42:24.794  2301  2301 E ACRA    : 	at android.view.Choreographer$CallbackRecord.run(Choreographer.java:1406)
10-05 13:42:24.794  2301  2301 E ACRA    : 	at android.view.Choreographer$CallbackRecord.run(Choreographer.java:1415)
10-05 13:42:24.794  2301  2301 E ACRA    : 	at android.view.Choreographer.doCallbacks(Choreographer.java:1015)
10-05 13:42:24.794  2301  2301 E ACRA    : 	at android.view.Choreographer.doFrame(Choreographer.java:945)
10-05 13:42:24.794  2301  2301 E ACRA    : 	at android.view.Choreographer$FrameDisplayEventReceiver.run(Choreographer.java:1389)
10-05 13:42:24.794  2301  2301 E ACRA    : 	at android.os.Handler.handleCallback(Handler.java:959)
10-05 13:42:24.794  2301  2301 E ACRA    : 	at android.os.Handler.dispatchMessage(Handler.java:100)
10-05 13:42:24.794  2301  2301 E ACRA    : 	at android.os.Looper.loopOnce(Looper.java:232)
10-05 13:42:24.794  2301  2301 E ACRA    : 	at android.os.Looper.loop(Looper.java:317)
10-05 13:42:24.794  2301  2301 E ACRA    : 	at android.app.ActivityThread.main(ActivityThread.java:8705)
10-05 13:42:24.794  2301  2301 E ACRA    : 	at java.lang.reflect.Method.invoke(Native Method)
10-05 13:42:24.794  2301  2301 E ACRA    : 	at com.android.internal.os.RuntimeInit$MethodAndArgsCaller.run(RuntimeInit.java:580)
10-05 13:42:24.794  2301  2301 E ACRA    : 	at com.android.internal.os.ZygoteInit.main(ZygoteInit.java:886)
