10-05 13:25:08.566  2320  2320 E ACRA    : ACRA caught a UndeliverableException for org.schabi.newpipe.debug.fixandroidplaybackci
10-05 13:25:08.566  2320  2320 E ACRA    : io.reactivex.rxjava3.exceptions.UndeliverableException: The exception could not be delivered to the consumer because it has already canceled/disposed the flow or the exception has nowhere to go to begin with. Further reading: https://github.com/ReactiveX/RxJava/wiki/What's-different-in-2.0#error-handling | java.lang.IndexOutOfBoundsException: Index 1 out of bounds for length 1
10-05 13:25:08.566  2320  2320 E ACRA    : 	at io.reactivex.rxjava3.plugins.RxJavaPlugins.onError(RxJavaPlugins.java:372)
10-05 13:25:08.566  2320  2320 E ACRA    : 	at io.reactivex.rxjava3.android.schedulers.HandlerScheduler$ScheduledRunnable.run(HandlerScheduler.java:125)
10-05 13:25:08.566  2320  2320 E ACRA    : 	at android.os.Handler.handleCallback(Handler.java:959)
10-05 13:25:08.566  2320  2320 E ACRA    : 	at android.os.Handler.dispatchMessage(Handler.java:100)
10-05 13:25:08.566  2320  2320 E ACRA    : 	at android.os.Looper.loopOnce(Looper.java:232)
10-05 13:25:08.566  2320  2320 E ACRA    : 	at android.os.Looper.loop(Looper.java:317)
10-05 13:25:08.566  2320  2320 E ACRA    : 	at android.app.ActivityThread.main(ActivityThread.java:8705)
10-05 13:25:08.566  2320  2320 E ACRA    : 	at java.lang.reflect.Method.invoke(Native Method)
10-05 13:25:08.566  2320  2320 E ACRA    : 	at com.android.internal.os.RuntimeInit$MethodAndArgsCaller.run(RuntimeInit.java:580)
10-05 13:25:08.566  2320  2320 E ACRA    : 	at com.android.internal.os.ZygoteInit.main(ZygoteInit.java:886)
10-05 13:25:08.566  2320  2320 E ACRA    : Caused by: java.lang.IndexOutOfBoundsException: Index 1 out of bounds for length 1
10-05 13:25:08.566  2320  2320 E ACRA    : 	at jdk.internal.util.Preconditions.outOfBounds(Preconditions.java:64)
10-05 13:25:08.566  2320  2320 E ACRA    : 	at jdk.internal.util.Preconditions.outOfBoundsCheckIndex(Preconditions.java:70)
10-05 13:25:08.566  2320  2320 E ACRA    : 	at jdk.internal.util.Preconditions.checkIndex(Preconditions.java:266)
10-05 13:25:08.566  2320  2320 E ACRA    : 	at java.util.Objects.checkIndex(Objects.java:359)
10-05 13:25:08.566  2320  2320 E ACRA    : 	at java.util.ArrayList.get(ArrayList.java:434)
10-05 13:25:08.566  2320  2320 E ACRA    : 	at com.google.android.exoplayer2.source.ConcatenatingMediaSource.getMediaSource(ConcatenatingMediaSource.java:427)
10-05 13:25:08.566  2320  2320 E ACRA    : 	at com.google.android.exoplayer2.source.ConcatenatingMediaSource.removeMediaSource(ConcatenatingMediaSource.java:300)
10-05 13:25:08.566  2320  2320 E ACRA    : 	at org.schabi.newpipe.player.mediasource.ManagedMediaSourcePlaylist.remove(ManagedMediaSourcePlaylist.java:90)
10-05 13:25:08.566  2320  2320 E ACRA    : 	at org.schabi.newpipe.player.playback.MediaSourceManager.onPlayQueueChanged(MediaSourceManager.java:240)
10-05 13:25:08.566  2320  2320 E ACRA    : 	at org.schabi.newpipe.player.playback.MediaSourceManager.-$$Nest$monPlayQueueChanged(Unknown Source:0)
10-05 13:25:08.566  2320  2320 E ACRA    : 	at org.schabi.newpipe.player.playback.MediaSourceManager$1.onNext(MediaSourceManager.java:208)
10-05 13:25:08.566  2320  2320 E ACRA    : 	at org.schabi.newpipe.player.playback.MediaSourceManager$1.onNext(MediaSourceManager.java:198)
10-05 13:25:08.566  2320  2320 E ACRA    : 	at io.reactivex.rxjava3.internal.util.HalfSerializer.onNext(HalfSerializer.java:46)
10-05 13:25:08.566  2320  2320 E ACRA    : 	at io.reactivex.rxjava3.internal.subscribers.StrictSubscriber.onNext(StrictSubscriber.java:97)
10-05 13:25:08.566  2320  2320 E ACRA    : 	at io.reactivex.rxjava3.internal.operators.flowable.FlowableObserveOn$ObserveOnSubscriber.runAsync(FlowableObserveOn.java:403)
10-05 13:25:08.566  2320  2320 E ACRA    : 	at io.reactivex.rxjava3.internal.operators.flowable.FlowableObserveOn$BaseObserveOnSubscriber.run(FlowableObserveOn.java:178)
10-05 13:25:08.566  2320  2320 E ACRA    : 	at io.reactivex.rxjava3.android.schedulers.HandlerScheduler$ScheduledRunnable.run(HandlerScheduler.java:123)
10-05 13:25:08.566  2320  2320 E ACRA    : 	... 8 more
