To honour the JVM settings for this build a single-use Daemon process will be forked. For more on this, please refer to https://docs.gradle.org/9.6.1/userguide/gradle_daemon.html#sec:disabling_the_daemon in the Gradle documentation.
Daemon will be stopped at the end of the build
Calculating task graph as no cached configuration is available for tasks: :app:assembleDebug :app:assembleDebugAndroidTest :app:testDebugUnitTest
Type-safe project accessors is an incubating feature.
> Task :buildSrc:checkKotlinGradlePluginConfigurationErrors SKIPPED
> Task :buildSrc:pluginDescriptors
> Task :buildSrc:processResources NO-SOURCE
> Task :buildSrc:compileKotlin
> Task :buildSrc:compileJava NO-SOURCE
> Task :buildSrc:compileGroovy NO-SOURCE
> Task :buildSrc:classes UP-TO-DATE

> Task :buildSrc:jar
:jar: No valid plugin descriptors were found in META-INF/gradle-plugins

> Configure project :app
Unable to initialize metrics, ensure /home/agent/.android is writable, details: /home/agent/.android/analytics.settings (No such file or directory)

[Incubating] Problems report is available at: file:///workspace/backtube-detail-sleep-timer/build/reports/problems/problems-report.html

FAILURE: Build failed with an exception.

* What went wrong:
Could not determine the dependencies of task ':app:compileDebugJavaWithJavac'.
> Failed to find Build Tools revision 36.0.0

* Try:
> Run with --stacktrace option to get the stack trace.
> Run with --info or --debug option to get more log output.
> Run with --scan to get full insights from a Build Scan (powered by Develocity).
> Get more help at https://help.gradle.org.

Deprecated Gradle features were used in this build, making it incompatible with Gradle 10.

You can use '--warning-mode all' to show the individual deprecation warnings and determine if they come from your own scripts or plugins.

For more on this, please refer to https://docs.gradle.org/9.6.1/userguide/command_line_interface.html#sec:command_line_warnings in the Gradle documentation.

BUILD FAILED in 18s
3 actionable tasks: 3 executed
Configuration cache entry stored.
